# test-06b-platform 20260910T192530Z
PASS  S4d.1 Golden Config: plan clean on 12 devices; hostname drift on br1-wan01 and br1-sw01 flagged with no false positive; restored through wf-config-push-v1
      schedule: nightly compliance lab-baseline every 1 day first run 1789095600000
      run 1: 12 reports, 0 errors, 0 warnings (passes: 516)
      pushed to br1-wan01 (job 280608f9ed3742dfb4d67632)
      pushed to br1-sw01 (job 00b9541c2c88452b8e1c003b)
      run 2: exactly br1-wan01 and br1-sw01 flagged:
      br1-wan01 1 0 44 | hostname br1-wan01
      br1-sw01 1 0 31 | hostname br1-sw01
      pushed to br1-wan01 (job 519e1a4801a448d8abfde285)
      pushed to br1-sw01 (job b15601007285483aa2c2f97d)
      run 3: clean again on 12 devices; hostnames restored and confirmed over direct SSH
      run 4: wf-compliance-run-v1 (the schedule trigger's target) found plan 6aa2c63214cb2fc10a3682a8 and started instance 6aa305c73fca1ac48c8bf1e8
PASS  S4d.2 command templates on br1-wan01 and br1-sw01 with every rule evaluated; analytic pre/post green; nightly backup schedule and a run whose backups equal the running configs
      br1-wan01: lab-cisco-ios-checks passed, 6 rules over 3 commands
      2 pre/post rules equal
      br1-wan01: lab-cisco-ios-prepost pre/post equal
      br1-sw01: lab-arista-eos-checks passed, 6 rules over 4 commands
      2 pre/post rules equal
      br1-sw01: lab-arista-eos-prepost pre/post equal
      schedule: nightly backups lab every 1 day first run 1789093800000
      backups: wf-backup-all-v1 job 9e56651eec1b4fa8ac358c38; 12/12 devices' newest backup equals the running config over direct SSH
PASS  S4d.3 Lifecycle Manager branch-vlan: instances from NetBox; create -> JSON form approval (Work Center shows branch, VLAN, switch, NetBox reservation) -> instance; rejected push changes nothing; delete -> governed push; history; no-op; rejected create retired
      actions runnable: Create -> workflow f77fa17e, Delete -> workflow 341e306d
      form fields: ['branch', 'decision', 'netbox_vlan_id', 'status', 'switch', 'vid', 'vlan_name']
      instances cover every NetBox branch VLAN: br1-approve-demo 
      Work Center item 01a08cd1-5219-771e-9d6a-980b2dad712c shows {'branch': 'br2', 'vid': 11, 'vlan_name': 'lcm-20260910t192530z', 'switch': 'br2-sw01', 'netbox_vlan_id': 62, 'status': 'reserved'}
      instance br2-lcm-20260910t192530z {'branch': 'br2', 'vid': 11, 'vlan_name': 'lcm-20260910t192530z', 'switch': 'br2-sw01', 'netbox_vlan_id': 62, 'status': 'active'}
      create: VLAN 11 lcm-20260910t192530z active in NetBox (id 62) and on br2-sw01; instance br2-lcm-20260910t192530z recorded (execution 6aa306766b4f7a0ca82afece)
      rejected push: job 8821245d8f6d45a981dfce8f in error, delete job 2dc46e69c10e43bf98ee7fa9 waited, NetBox and br2-sw01 untouched, both cancelled
      delete: push job 0265aca8ea89407486e8fead removed VLAN 11 from br2-sw01 after the approval; NetBox VLAN gone; instance br2-lcm-20260910t192530z retired (execution 6aa3069d6b4f7a0ca82afed0)
      journal: br2-sw01 carries the create and the delete entry for VLAN 11
      history: [('Create', 'complete', '2199e9d05df9413185d7a8eb'), ('Delete', 'complete', '937d4205d336409a8d864c58')]
      no-op: wf-branch-vlan-delete-v1 on the retired VLAN changed nothing and started no push (job fbe5cac3d8f34bb48dc632a4)
      rejected create: reservation 63 rolled back, child 8814a5ba9496482abefe071d in error, execution 6aa306cd6b4f7a0ca82afed1 cancelled, instance retired
PASS  S4d.4 Integration Models lab-netbox and lab-servicenow: instances netbox-api/servicenow-api, every operation an authorized tool; lab-netops reads br1-sw01 and INC0000060 through the integration tools (not the adapters)
      model lab-netbox:1.0.0: 11 operations
      integration netbox-api: server http 10.100.0.64 8080 auth ['tokenAuth']
      tools netbox-api: 11 authorized
      model lab-servicenow:1.0.0: 5 operations
      integration servicenow-api: server https dev409097.service-now.com 443 auth ['BasicAuth']
      tools servicenow-api: 5 authorized
      NetBox: br1-sw01 is br1 / branch-switch through ['dcim_devices_list']; tokens in=14148 out=118
      ServiceNow: INC0000060 = 'Unable to connect to email' through ['listIncidents']; tokens in=12698 out=161
      tokens spent by S4d.4: in=26846 out=279
PASS  S4d.6 the three Ubuntu hosts are lab-hosts inventory nodes, reachable through Gateway 5 with their uptime (direct SSH agrees), and unknown to Configuration Manager
      Configuration Manager sees 12 devices, no host
      br1-host01 (10.100.0.195): reachable, up 3 days, 19 hours, 40 minutes through Gateway 5; direct SSH agrees
      br2-host01 (10.100.0.196): reachable, up 3 days, 19 hours, 40 minutes through Gateway 5; direct SSH agrees
      dc1-srv01 (10.100.0.192): reachable, up 3 days, 19 hours, 41 minutes through Gateway 5; direct SSH agrees
DEFER S4d.6 firewalls: PA-VM image not staged (S3.4 deferral)

passed=5 failed=0 deferred=1
