# test-06b-platform 20260908T130615Z
PASS  S4d.1 Golden Config: plan clean on 12 devices; hostname drift on br1-wan01 and br1-sw01 flagged with no false positive; restored through wf-config-push-v1
      schedule: nightly compliance lab-baseline every 1 day first run 1788836400000
      run 1: 12 reports, 0 errors, 0 warnings (passes: 251)
      pushed to br1-wan01 (job 3e2a6de248a24dfd81d289ed)
      pushed to br1-sw01 (job 20ce39be8b2c438e93a06b7e)
      run 2: exactly br1-wan01 and br1-sw01 flagged:
      br1-wan01 1 0 24 | hostname br1-wan01
      br1-sw01 1 0 17 | hostname br1-sw01
      pushed to br1-wan01 (job 0d54be6614fc4464894ef855)
      pushed to br1-sw01 (job 031290662e8e412a95b24df6)
      run 3: clean again on 12 devices; hostnames restored and confirmed over direct SSH
      run 4: wf-compliance-run-v1 (the schedule trigger's target) found plan 6a9f3a4d0e7c935f1ff4e233 and started instance 6aa009aec1debe752b919778
PASS  S4d.2 command templates on br1-wan01 and br1-sw01 with every rule evaluated; analytic pre/post green; nightly backup schedule and a run whose backups equal the running configs
      br1-wan01: lab-cisco-ios-checks passed, 6 rules over 3 commands
      2 pre/post rules equal
      br1-wan01: lab-cisco-ios-prepost pre/post equal
      br1-sw01: lab-arista-eos-checks passed, 6 rules over 4 commands
      2 pre/post rules equal
      br1-sw01: lab-arista-eos-prepost pre/post equal
      schedule: nightly backups lab every 1 day first run 1788834600000
      backups: wf-backup-all-v1 job ef609edffb3142be81fbb2f8; 12/12 devices' newest backup equals the running config over direct SSH
FAIL  S4d.3 Lifecycle Manager branch-vlan: instances from NetBox; create -> JSON form approval (Work Center shows branch, VLAN, switch, NetBox reservation) -> instance; rejected push changes nothing; delete -> governed push; history; no-op; rejected create retired
      actions runnable: Create -> workflow 83ed249e, Delete -> workflow a8146f48
      form fields: ['branch', 'decision', 'netbox_vlan_id', 'status', 'switch', 'vid', 'vlan_name']
      instances cover every NetBox branch VLAN: br1-approve-demo 
      Work Center item 01a08128-6ed0-75ba-9f2f-486c6f7c1ab5 shows {'branch': 'br2', 'vid': 11, 'vlan_name': 'lcm-20260908t130615z', 'switch': 'br2-sw01', 'netbox_vlan_id': 29, 'status': 'reserved'}
      instance br2-lcm-20260908t130615z {'branch': 'br2', 'vid': 11, 'vlan_name': 'lcm-20260908t130615z', 'switch': 'br2-sw01', 'netbox_vlan_id': 29, 'status': 'active'}
      create: VLAN 11 lcm-20260908t130615z active in NetBox (id 29) and on br2-sw01; instance br2-lcm-20260908t130615z recorded (execution 6aa00a572acba57fc2a43bf2)
      rejected push: job cc348317e6834644bd976f16 in error, delete job 60e6f4404e5d429ea220b7c9 waited, NetBox and br2-sw01 untouched, both cancelled
      delete: push job df8134676568447f8cdab774 removed VLAN 11 from br2-sw01 after the approval; NetBox VLAN gone; instance br2-lcm-20260908t130615z retired (execution 6aa00a7c2acba57fc2a43bf4)
      history: [('Create', 'complete', 'c7b5bb232f604b879c46a9e8'), ('Delete', 'complete', 'dcc5cdc5c68440fbb4aaabce')]
      the no-op delete started a push job
PASS  S4d.4 Integration Models lab-netbox and lab-servicenow: instances netbox-api/servicenow-api, every operation an authorized tool; lab-netops reads br1-sw01 and INC0000060 through the integration tools (not the adapters)
      model lab-netbox:1.0.0: 6 operations
      integration netbox-api: server http 10.100.0.64 8080 auth ['tokenAuth']
      tools netbox-api: 6 authorized
      model lab-servicenow:1.0.0: 5 operations
      integration servicenow-api: server https dev409097.service-now.com 443 auth ['BasicAuth']
      tools servicenow-api: 5 authorized
      NetBox: br1-sw01 is br1 / branch-switch through ['dcim_devices_list']; tokens in=13712 out=117
      ServiceNow: INC0000060 = 'Unable to connect to email' through ['listIncidents']; tokens in=12696 out=161
      tokens spent by S4d.4: in=26408 out=278
PASS  S4d.6 the three Ubuntu hosts are lab-hosts inventory nodes, reachable through Gateway 5 with their uptime (direct SSH agrees), and unknown to Configuration Manager
      Configuration Manager sees 12 devices, no host
      br1-host01 (10.100.0.195): reachable, up 1 day, 13 hours, 20 minutes through Gateway 5; direct SSH agrees
      br2-host01 (10.100.0.196): reachable, up 1 day, 13 hours, 20 minutes through Gateway 5; direct SSH agrees
      dc1-srv01 (10.100.0.192): reachable, up 1 day, 13 hours, 20 minutes through Gateway 5; direct SSH agrees
DEFER S4d.6 firewalls: PA-VM image not staged (S3.4 deferral)

passed=4 failed=1 deferred=1
