# test-08-platform-ha2 20260910T152204Z
SKIP  S11.1 the eleven production VMs run with the sizes of the oracle and the budget, and NetBox holds each one
SKIP  S11.2 MongoDB is a three-member replica set (one PRIMARY, two SECONDARY) with authentication and TLS
SKIP  S11.3 Redis has one master, two replicas and three Sentinels that agree, with ACL users only
SKIP  S11.4 both Platform nodes answer /health/server and the load balancer serves the service name with one shared session
FAIL  S11.5 everything phases 5-7 built exists on production (workflows, Golden Config, MOP, LCM, integrations, agents, inventories)
      MOP template lab-cisco-ios-checks missing
      MOP template lab-cisco-ios-prepost missing
      MOP template lab-arista-eos-checks missing
      MOP template lab-arista-eos-prepost missing
      Traceback (most recent call last):
        File [35m"<string>"[0m, line [35m1[0m, in [35m<module>[0m
          import sys,json;print([31mjson.load[0m[1;31m(sys.stdin)[0m.get("total",0))
                                [31m~~~~~~~~~[0m[1;31m^^^^^^^^^^^[0m
        File [35m"/opt/homebrew/Cellar/python@3.14/3.14.7/Frameworks/Python.framework/Versions/3.14/lib/python3.14/json/__init__.py"[0m, line [35m298[0m, in [35mload[0m
          return loads(fp.read(),
              cls=cls, object_hook=object_hook,
              parse_float=parse_float, parse_int=parse_int,
              parse_constant=parse_constant, object_pairs_hook=object_pairs_hook, **kw)
        File [35m"/opt/homebrew/Cellar/python@3.14/3.14.7/Frameworks/Python.framework/Versions/3.14/lib/python3.14/json/__init__.py"[0m, line [35m352[0m, in [35mloads[0m
          return [31m_default_decoder.decode[0m[1;31m(s)[0m
                 [31m~~~~~~~~~~~~~~~~~~~~~~~[0m[1;31m^^^[0m
        File [35m"/opt/homebrew/Cellar/python@3.14/3.14.7/Frameworks/Python.framework/Versions/3.14/lib/python3.14/json/decoder.py"[0m, line [35m345[0m, in [35mdecode[0m
          obj, end = [31mself.raw_decode[0m[1;31m(s, idx=_w(s, 0).end())[0m
                     [31m~~~~~~~~~~~~~~~[0m[1;31m^^^^^^^^^^^^^^^^^^^^^^^[0m
        File [35m"/opt/homebrew/Cellar/python@3.14/3.14.7/Frameworks/Python.framework/Versions/3.14/lib/python3.14/json/decoder.py"[0m, line [35m363[0m, in [35mraw_decode[0m
          raise JSONDecodeError("Expecting value", s, err.value) from None
      [1;35mjson.decoder.JSONDecodeError[0m: [35mExpecting value: line 1 column 1 (char 0)[0m
      Configuration Manager sees  devices, NetBox has 12
SKIP  S11.7 the official Itential dashboard's MongoDB and Redis rows show the production replica sets
DEFER S11.8 VM 205 deleted: a separate owner-approved step at the end of the cut-over (ADR 0053)
SKIP  S11.6 failover drills (set VERIFY_DRILLS=1 to run; they stop a Platform node, the MongoDB primary and the Redis master in turn)

passed=0 failed=1 deferred=1
