# test-06b-platform 20260910T183136Z
PASS  S4d.1 Golden Config: plan clean on 12 devices; hostname drift on br1-wan01 and br1-sw01 flagged with no false positive; restored through wf-config-push-v1
      schedule: nightly compliance lab-baseline every 1 day first run 1789095600000
      run 1: 12 reports, 0 errors, 0 warnings (passes: 516)
      pushed to br1-wan01 (job 2411231117f84aaabe7b1a5f)
      pushed to br1-sw01 (job ebb0bc9d223840bda58cdf27)
      run 2: exactly br1-wan01 and br1-sw01 flagged:
      br1-wan01 1 0 44 | hostname br1-wan01
      br1-sw01 1 0 31 | hostname br1-sw01
      pushed to br1-wan01 (job efe9c627ad774d1c9032eae0)
      pushed to br1-sw01 (job 403f99eb3cad4a16afc64269)
      run 3: clean again on 12 devices; hostnames restored and confirmed over direct SSH
      run 4: wf-compliance-run-v1 (the schedule trigger's target) found plan 6aa2c63214cb2fc10a3682a8 and started instance 6aa2f9313fca1ac48c8bf164
PASS  S4d.2 command templates on br1-wan01 and br1-sw01 with every rule evaluated; analytic pre/post green; nightly backup schedule and a run whose backups equal the running configs
      br1-wan01: lab-cisco-ios-checks passed, 6 rules over 3 commands
      2 pre/post rules equal
      br1-wan01: lab-cisco-ios-prepost pre/post equal
      br1-sw01: lab-arista-eos-checks passed, 6 rules over 4 commands
      2 pre/post rules equal
      br1-sw01: lab-arista-eos-prepost pre/post equal
      schedule: nightly backups lab every 1 day first run 1789093800000
      backups: wf-backup-all-v1 job 6c30b6947fa546d99d588be7; 12/12 devices' newest backup equals the running config over direct SSH
PASS  S4d.3 Lifecycle Manager branch-vlan: instances from NetBox; create -> JSON form approval (Work Center shows branch, VLAN, switch, NetBox reservation) -> instance; rejected push changes nothing; delete -> governed push; history; no-op; rejected create retired
      actions runnable: Create -> workflow f77fa17e, Delete -> workflow 341e306d
      form fields: ['branch', 'decision', 'netbox_vlan_id', 'status', 'switch', 'vid', 'vlan_name']
      instances cover every NetBox branch VLAN: br1-approve-demo 
      Work Center item 01a08ca0-1d7a-77e9-b513-259777efe9ce shows {'branch': 'br2', 'vid': 11, 'vlan_name': 'lcm-20260910t183136z', 'switch': 'br2-sw01', 'netbox_vlan_id': 56, 'status': 'reserved'}
      instance br2-lcm-20260910t183136z {'branch': 'br2', 'vid': 11, 'vlan_name': 'lcm-20260910t183136z', 'switch': 'br2-sw01', 'netbox_vlan_id': 56, 'status': 'active'}
      create: VLAN 11 lcm-20260910t183136z active in NetBox (id 56) and on br2-sw01; instance br2-lcm-20260910t183136z recorded (execution 6aa2f9dd6b4f7a0ca82afec9)
      rejected push: job 7879856ec2c144b78a9e104c in error, delete job 6f9348fef3b04ee98de57bdb waited, NetBox and br2-sw01 untouched, both cancelled
      delete: push job 007cf3a4b8a14a339b5fc250 removed VLAN 11 from br2-sw01 after the approval; NetBox VLAN gone; instance br2-lcm-20260910t183136z retired (execution 6aa2fa036b4f7a0ca82afecb)
      journal: br2-sw01 carries the create and the delete entry for VLAN 11
      history: [('Create', 'complete', 'cb13ecec71ae41e4bbcc4548'), ('Delete', 'complete', '40141b8e40a44ec191f1e0b1')]
      no-op: wf-branch-vlan-delete-v1 on the retired VLAN changed nothing and started no push (job 6d54a8552b9a41759b8f4175)
      rejected create: reservation 57 rolled back, child a9356cd4268e45f8a2bf0a74 in error, execution 6aa2fa2f6b4f7a0ca82afecc cancelled, instance retired
PASS  S4d.4 Integration Models lab-netbox and lab-servicenow: instances netbox-api/servicenow-api, every operation an authorized tool; lab-netops reads br1-sw01 and INC0000060 through the integration tools (not the adapters)
      model lab-netbox:1.0.0: 11 operations
      integration netbox-api: server http 10.100.0.64 8080 auth ['tokenAuth']
      tools netbox-api: 11 authorized
      model lab-servicenow:1.0.0: 5 operations
      integration servicenow-api: server https dev409097.service-now.com 443 auth ['BasicAuth']
      tools servicenow-api: 5 authorized
      NetBox: br1-sw01 is br1 / branch-switch through ['dcim_devices_list']; tokens in=14145 out=118
      ServiceNow: INC0000060 = 'Unable to connect to email' through ['listIncidents']; tokens in=12700 out=160
      tokens spent by S4d.4: in=26845 out=278
PASS  S4d.6 the three Ubuntu hosts are lab-hosts inventory nodes, reachable through Gateway 5 with their uptime (direct SSH agrees), and unknown to Configuration Manager
      Configuration Manager sees 12 devices, no host
      br1-host01 (10.100.0.195): reachable, up 3 days, 18 hours, 46 minutes through Gateway 5; direct SSH agrees
      br2-host01 (10.100.0.196): reachable, up 3 days, 18 hours, 47 minutes through Gateway 5; direct SSH agrees
      dc1-srv01 (10.100.0.192): reachable, up 3 days, 18 hours, 47 minutes through Gateway 5; direct SSH agrees
DEFER S4d.6 firewalls: PA-VM image not staged (S3.4 deferral)

passed=5 failed=0 deferred=1
