# test-06b-platform 20260910T164246Z
FAIL  S4d.1 Golden Config: plan clean on 12 devices; hostname drift on br1-wan01 and br1-sw01 flagged with no false positive; restored through wf-config-push-v1
      schedule: nightly compliance lab-baseline every 1 day first run 1789095600000
      plan instance 6aa2de12a365032dc05d4c56 did not finish (error)
PASS  S4d.2 command templates on br1-wan01 and br1-sw01 with every rule evaluated; analytic pre/post green; nightly backup schedule and a run whose backups equal the running configs
      br1-wan01: lab-cisco-ios-checks passed, 6 rules over 3 commands
      2 pre/post rules equal
      br1-wan01: lab-cisco-ios-prepost pre/post equal
      br1-sw01: lab-arista-eos-checks passed, 6 rules over 4 commands
      2 pre/post rules equal
      br1-sw01: lab-arista-eos-prepost pre/post equal
      schedule: nightly backups lab every 1 day first run 1789093800000
      backups: wf-backup-all-v1 job 21c7b2a3f4704875a0947220; 12/12 devices' newest backup equals the running config over direct SSH
PASS  S4d.3 Lifecycle Manager branch-vlan: instances from NetBox; create -> JSON form approval (Work Center shows branch, VLAN, switch, NetBox reservation) -> instance; rejected push changes nothing; delete -> governed push; history; no-op; rejected create retired
      actions runnable: Create -> workflow f77fa17e, Delete -> workflow 341e306d
      form fields: ['branch', 'decision', 'netbox_vlan_id', 'status', 'switch', 'vid', 'vlan_name']
      instances cover every NetBox branch VLAN: br1-approve-demo 
      Work Center item 01a08c3a-c5e6-7261-81b9-f746033be86a shows {'branch': 'br2', 'vid': 11, 'vlan_name': 'lcm-20260910t164246z', 'switch': 'br2-sw01', 'netbox_vlan_id': 44, 'status': 'reserved'}
      instance br2-lcm-20260910t164246z {'branch': 'br2', 'vid': 11, 'vlan_name': 'lcm-20260910t164246z', 'switch': 'br2-sw01', 'netbox_vlan_id': 44, 'status': 'active'}
      create: VLAN 11 lcm-20260910t164246z active in NetBox (id 44) and on br2-sw01; instance br2-lcm-20260910t164246z recorded (execution 6aa2dfecdf4404b0278c6ed4)
      rejected push: job c99bae9f464a44ba95d36783 in error, delete job 71193ab6bfda4930ad63a6e4 waited, NetBox and br2-sw01 untouched, both cancelled
      delete: push job fd0e9a284cfe4d9a9c2b2947 removed VLAN 11 from br2-sw01 after the approval; NetBox VLAN gone; instance br2-lcm-20260910t164246z retired (execution 6aa2e01edf4404b0278c6ed6)
      journal: br2-sw01 carries the create and the delete entry for VLAN 11
      history: [('Create', 'complete', '6fdb1d0a91454b83b9774fa9'), ('Delete', 'complete', 'ee4564287d974e598e9f31b6')]
      no-op: wf-branch-vlan-delete-v1 on the retired VLAN changed nothing and started no push (job 5fc07a7038ac4052871787ab)
      rejected create: reservation 45 rolled back, child a2560581208743f8b66ea2bd in error, execution 6aa2e04adf4404b0278c6ed7 cancelled, instance retired
PASS  S4d.4 Integration Models lab-netbox and lab-servicenow: instances netbox-api/servicenow-api, every operation an authorized tool; lab-netops reads br1-sw01 and INC0000060 through the integration tools (not the adapters)
      model lab-netbox:1.0.0: 11 operations
      integration netbox-api: server http 10.100.0.64 8080 auth ['tokenAuth']
      tools netbox-api: 11 authorized
      model lab-servicenow:1.0.0: 5 operations
      integration servicenow-api: server https dev409097.service-now.com 443 auth ['BasicAuth']
      tools servicenow-api: 5 authorized
      NetBox: br1-sw01 is br1 / branch-switch through ['dcim_devices_list']; tokens in=14144 out=118
      ServiceNow: INC0000060 = 'Unable to connect to email' through ['listIncidents']; tokens in=12690 out=161
      tokens spent by S4d.4: in=26834 out=279
PASS  S4d.6 the three Ubuntu hosts are lab-hosts inventory nodes, reachable through Gateway 5 with their uptime (direct SSH agrees), and unknown to Configuration Manager
      Configuration Manager sees 12 devices, no host
      br1-host01 (10.100.0.195): reachable, up 3 days, 16 hours, 56 minutes through Gateway 5; direct SSH agrees
      br2-host01 (10.100.0.196): reachable, up 3 days, 16 hours, 56 minutes through Gateway 5; direct SSH agrees
      dc1-srv01 (10.100.0.192): reachable, up 3 days, 16 hours, 56 minutes through Gateway 5; direct SSH agrees
DEFER S4d.6 firewalls: PA-VM image not staged (S3.4 deferral)

passed=4 failed=1 deferred=1
