# test-08-platform-ha2 20260911T230204Z
PASS  S11.1 the eleven production VMs run with the sizes of the oracle and the budget, and NetBox holds each one
      11 VMs running with the budgeted vCPU/RAM/disk and their NetBox records
PASS  S11.2 MongoDB is a three-member replica set (one PRIMARY, two SECONDARY) with authentication and TLS
      replica set: mongo-01.lab.internal:27017 PRIMARY, mongo-02.lab.internal:27017 SECONDARY, mongo-03.lab.internal:27017 SECONDARY
      unauthenticated clients are refused
      the Platform connects to all three members of rs0 with TLS and SCRAM
PASS  S11.3 Redis has one master, two replicas and three Sentinels that agree, with ACL users only
      Redis: 1 master, 2 replicas
      three Sentinels agree the master of itential is 10.100.0.77:6379
      unauthenticated clients are refused (ACL users only)
      the Platform connects through Sentinel
PASS  S11.4 the active Platform node serves through the load balancer and the standby is built and parked
        active node 10.100.0.72: Platform 6.5.2 up 34808s
      the active node serves; itential.lab.internal resolves to the load balancer and answers through it; the standby is built and parked (platform exited)
PASS  S11.5 everything phases 5-7 built exists on production (workflows, Golden Config, MOP, LCM, integrations, agents, inventories)
      every workflow, Golden Config tree, compliance plan, MOP template, LCM model, form, integration, agent project and inventory of phases 5-7 exists on production; 12 devices through the broker
PASS  S11.7 the official Itential dashboard's MongoDB and Redis rows show the production replica sets
      the official dashboard has three replica-set members, one Redis master with replicas, and the active Platform node
PASS  S11.8 the dev-stack VM 205 is retired and every trace of it removed
      VM 205 is gone from Proxmox, NetBox, Zabbix, DNS and the IP plan; 10.100.0.65 released and silent
PASS  S11.9 the newest mongodump on the backup member is under 24 h old and restores to the live collection count
      mongo-03: rs0-20260911T141244Z.archive.gz is 8 h old; restored 73 collections into a throw-away mongod, equal to live itential; kept 7 days
SKIP  S11.6 failover drills (set VERIFY_DRILLS=1 to run; they stop a Platform node, the MongoDB primary and the Redis master in turn)

passed=8 failed=0 deferred=0
