# test-06b-platform 20260924T201747Z
PASS  S4d.1 Golden Config: plan clean on 12 devices; hostname drift on br1-wan01 and br1-sw01 flagged with no false positive; restored through Push Configuration with Approval
      schedule: nightly compliance lab-baseline every 1 day first run 1789095600000
      run 1: 12 reports, 0 errors, 0 warnings (passes: 516)
      pushed to br1-wan01 (job 8e0953b303c241168716b41c)
      pushed to br1-sw01 (job 77f28e026834419ca0be6c74)
      run 2: exactly br1-wan01 and br1-sw01 flagged:
      br1-wan01 1 0 44 | hostname br1-wan01
      br1-sw01 1 0 31 | hostname br1-sw01
      pushed to br1-wan01 (job 58dbfa2635e94f95bf60e5d8)
      pushed to br1-sw01 (job 23e8f709d3274f5ca30f98cc)
      run 3: clean again on 12 devices; hostnames restored and confirmed over direct SSH
      run 4: Run Nightly Compliance Check (the schedule trigger's target) found plan 6aa2c63214cb2fc10a3682a8 and started instance 6ab5871dfbacb55764c91c36
PASS  S4d.2 command templates on br1-wan01 and br1-sw01 with every rule evaluated; analytic pre/post green; nightly backup schedule and a run whose backups equal the running configs
      br1-wan01: lab-cisco-ios-checks passed, 6 rules over 3 commands
      2 pre/post rules equal
      br1-wan01: lab-cisco-ios-prepost pre/post equal
      br1-sw01: lab-arista-eos-checks passed, 6 rules over 4 commands
      2 pre/post rules equal
      br1-sw01: lab-arista-eos-prepost pre/post equal
      schedule: nightly backups lab every 1 day first run 1789093800000
      backups: Back Up All Device Configs job f9007cfad3b14bf69def0fed; 12/12 devices' newest backup equals the running config over direct SSH
PASS  S4d.3 Lifecycle Manager branch-vlan: instances from NetBox; create -> JSON form approval (Work Center shows branch, VLAN, switch, NetBox reservation) -> instance; rejected push changes nothing; delete -> governed push; history; no-op; rejected create retired
      actions runnable: Create -> workflow ba6a3c78, Delete -> workflow b58a8488
      form fields: ['branch', 'decision', 'netbox_vlan_id', 'status', 'switch', 'vid', 'vlan_name']
      instances cover every NetBox branch VLAN: br1-approve-demo 
      Work Center item 01a0d51a-7ba1-7799-92de-97690a1b6c7b shows {'branch': 'br2', 'vid': 11, 'vlan_name': 'lcm-20260924t201747z', 'switch': 'br2-sw01', 'netbox_vlan_id': 107, 'status': 'reserved'}
      instance br2-lcm-20260924t201747z {'branch': 'br2', 'vid': 11, 'vlan_name': 'lcm-20260924t201747z', 'switch': 'br2-sw01', 'netbox_vlan_id': 107, 'status': 'active'}
      create: VLAN 11 lcm-20260924t201747z active in NetBox (id 107) and on br2-sw01; instance br2-lcm-20260924t201747z recorded (execution 6ab587c92a32f2ad08fc1550)
      rejected push: job 4f47ee46e8484ae6a064e65d in error, delete job fc54edb8b9b446e694939ed8 waited, NetBox and br2-sw01 untouched, both cancelled
      delete: push job 1abffba5a8c1401792b33aef removed VLAN 11 from br2-sw01 after the approval; NetBox VLAN gone; instance br2-lcm-20260924t201747z retired (execution 6ab587ee2a32f2ad08fc1552)
      journal: br2-sw01 carries the create and the delete entry for VLAN 11
      history: [('Create', 'complete', '7c24287bf86d4887b27ba8fe'), ('Delete', 'complete', '87cb087701cd4f70b123bdeb')]
      no-op: Remove Branch VLAN on the retired VLAN changed nothing and started no push (job 6bf9564214f84ff89524d727)
      rejected create: reservation 108 rolled back, child 68b9f2d837ee449a82122ae0 in error, execution 6ab5881e2a32f2ad08fc1553 cancelled, instance retired
PASS  S4d.4 Integration Models lab-netbox and lab-servicenow: instances netbox-api/servicenow-api, every operation an authorized tool; lab-netops reads br1-sw01 and INC0000060 through the integration tools (not the adapters)
      model lab-netbox:1.0.0: 15 operations
      integration netbox-api: server http 10.100.0.64 8080 auth ['tokenAuth']
      tools netbox-api: 15 authorized
      model lab-servicenow:1.0.0: 8 operations
      integration servicenow-api: server https dev409097.service-now.com 443 auth ['BasicAuth']
      tools servicenow-api: 8 authorized
      NetBox: br1-sw01 is br1 / branch-switch through ['dcim_devices_list']; tokens in=13751 out=111
      ServiceNow: INC0000060 = 'Unable to connect to email' through ['listIncidents']; tokens in=12302 out=161
      tokens spent by S4d.4: in=26053 out=272
PASS  S4d.6 the three Ubuntu hosts are lab-hosts inventory nodes, reachable through Gateway 5 with their uptime (direct SSH agrees), and unknown to Configuration Manager
      Configuration Manager sees 12 devices, no host
      br1-host01 (10.100.0.195): reachable, up 2 weeks, 3 days, 20 hours, 33 minutes through Gateway 5; direct SSH agrees
      br2-host01 (10.100.0.196): reachable, up 2 weeks, 3 days, 20 hours, 33 minutes through Gateway 5; direct SSH agrees
      dc1-srv01 (10.100.0.192): reachable, up 2 weeks, 3 days, 20 hours, 33 minutes through Gateway 5; direct SSH agrees
DEFER S4d.6 firewalls: PA-VM image not staged (S3.4 deferral)

passed=5 failed=0 deferred=1
