# test-06b-platform 20260908T002153Z
PASS  S4d.1 Golden Config: plan clean on 12 devices; hostname drift on br1-wan01 and br1-sw01 flagged with no false positive; restored through wf-config-push-v1
      schedule: nightly compliance lab-baseline every 1 day first run 1788836400000
      run 1: 12 reports, 0 errors, 0 warnings (passes: 251)
      pushed to br1-wan01 (job f83c2db6f61e4b538a739d8e)
      pushed to br1-sw01 (job f1b8643508d241a5aec85da5)
      run 2: exactly br1-wan01 and br1-sw01 flagged:
      br1-wan01 1 0 24 | hostname br1-wan01
      br1-sw01 1 0 17 | hostname br1-sw01
      pushed to br1-wan01 (job 5307eae2eaec4fd1856e7fc3)
      pushed to br1-sw01 (job 0ab409c8adc84d1abb965f44)
      run 3: clean again on 12 devices; hostnames restored and confirmed over direct SSH
      run 4: wf-compliance-run-v1 (the schedule trigger's target) found plan 6a9f3a4d0e7c935f1ff4e233 and started instance 6a9f56880e7c935f1ff4e2c7
PASS  S4d.2 command templates on br1-wan01 and br1-sw01 with every rule evaluated; analytic pre/post green; nightly backup schedule and a run whose backups equal the running configs
      br1-wan01: lab-cisco-ios-checks passed, 6 rules over 3 commands
      2 pre/post rules equal
      br1-wan01: lab-cisco-ios-prepost pre/post equal
      br1-sw01: lab-arista-eos-checks passed, 6 rules over 4 commands
      2 pre/post rules equal
      br1-sw01: lab-arista-eos-prepost pre/post equal
      schedule: nightly backups lab every 1 day first run 1788834600000
      backups: wf-backup-all-v1 job 9f0b2d013efb4ea18de1b447; 12/12 devices' newest backup equals the running config over direct SSH
DEFER S4d.3 Lifecycle Manager + JSON Forms (element 3, not built yet)
DEFER S4d.4 Integration Models (element 4, not built yet)
DEFER S4d.6 hosts and firewalls (element 6, not built yet)

passed=2 failed=0 deferred=3
