# test-06b-platform 20260910T234921Z
PASS  S4d.1 Golden Config: plan clean on 12 devices; hostname drift on br1-wan01 and br1-sw01 flagged with no false positive; restored through wf-config-push-v1
      schedule: nightly compliance lab-baseline every 1 day first run 1789095600000
      run 1: 12 reports, 0 errors, 0 warnings (passes: 516)
      pushed to br1-wan01 (job 73afe5ad068242ccb382488c)
      pushed to br1-sw01 (job d1ef3c2703d2467f98ce1e3e)
      run 2: exactly br1-wan01 and br1-sw01 flagged:
      br1-wan01 1 0 44 | hostname br1-wan01
      br1-sw01 1 0 31 | hostname br1-sw01
      pushed to br1-wan01 (job 9e0dca97c84945b5a251e6a8)
      pushed to br1-sw01 (job bbf7a60e4aae4454a874e6d3)
      run 3: clean again on 12 devices; hostnames restored and confirmed over direct SSH
      run 4: wf-compliance-run-v1 (the schedule trigger's target) found plan 6aa2c63214cb2fc10a3682a8 and started instance 6aa343997810d4be59632472
PASS  S4d.2 command templates on br1-wan01 and br1-sw01 with every rule evaluated; analytic pre/post green; nightly backup schedule and a run whose backups equal the running configs
      br1-wan01: lab-cisco-ios-checks passed, 6 rules over 3 commands
      2 pre/post rules equal
      br1-wan01: lab-cisco-ios-prepost pre/post equal
      br1-sw01: lab-arista-eos-checks passed, 6 rules over 4 commands
      2 pre/post rules equal
      br1-sw01: lab-arista-eos-prepost pre/post equal
      schedule: nightly backups lab every 1 day first run 1789093800000
      backups: wf-backup-all-v1 job cd49c7b837594b919d83ae5e; 12/12 devices' newest backup equals the running config over direct SSH
FAIL  S4d.3 Lifecycle Manager branch-vlan: instances from NetBox; create -> JSON form approval (Work Center shows branch, VLAN, switch, NetBox reservation) -> instance; rejected push changes nothing; delete -> governed push; history; no-op; rejected create retired
      actions runnable: Create -> workflow 7d64ca52, Delete -> workflow ff20d062
      form fields: ['branch', 'decision', 'netbox_vlan_id', 'status', 'switch', 'vid', 'vlan_name']
      instances cover every NetBox branch VLAN: br1-approve-demo 
      Work Center item 01a08dc2-c189-71a8-b453-933eca5c6371 shows {'branch': 'br2', 'vid': 11, 'vlan_name': 'lcm-20260910t234921z', 'switch': 'br2-sw01', 'netbox_vlan_id': 72, 'status': 'reserved'}
      instance br2-lcm-20260910t234921z {'branch': 'br2', 'vid': 11, 'vlan_name': 'lcm-20260910t234921z', 'switch': 'br2-sw01', 'netbox_vlan_id': 72, 'status': 'active'}
      create: VLAN 11 lcm-20260910t234921z active in NetBox (id 72) and on br2-sw01; instance br2-lcm-20260910t234921z recorded (execution 6aa34446deddae6f66842a2c)
      rejected push: job 1c432a445f2e4ca5baf9c3c6 in error, delete job 8c1631b9a7c04a18bd9371fc waited, NetBox and br2-sw01 untouched, both cancelled
      job 58061cebb194423cbf8885a1 error
cleanup: execution 6aa3446ddeddae6f66842a2e (br2-lcm-20260910t234921z) is running: rejecting any pending form and cancelling
cleanup: retiring instance br2-lcm-20260910t234921z through its delete action
cleanup: removing leftover VLAN 11 lcm-20260910t234921z
PASS  S4d.4 Integration Models lab-netbox and lab-servicenow: instances netbox-api/servicenow-api, every operation an authorized tool; lab-netops reads br1-sw01 and INC0000060 through the integration tools (not the adapters)
      model lab-netbox:1.0.0: 15 operations
      integration netbox-api: server http 10.100.0.64 8080 auth ['tokenAuth']
      tools netbox-api: 15 authorized
      model lab-servicenow:1.0.0: 5 operations
      integration servicenow-api: server https dev409097.service-now.com 443 auth ['BasicAuth']
      tools servicenow-api: 5 authorized
      NetBox: br1-sw01 is br1 / branch-switch through ['dcim_devices_list']; tokens in=13954 out=114
      ServiceNow: INC0000060 = 'Unable to connect to email' through ['listIncidents']; tokens in=12502 out=159
      tokens spent by S4d.4: in=26456 out=273
PASS  S4d.6 the three Ubuntu hosts are lab-hosts inventory nodes, reachable through Gateway 5 with their uptime (direct SSH agrees), and unknown to Configuration Manager
      Configuration Manager sees 12 devices, no host
      br1-host01 (10.100.0.195): reachable, up 4 days, 6 minutes through Gateway 5; direct SSH agrees
      br2-host01 (10.100.0.196): reachable, up 4 days, 6 minutes through Gateway 5; direct SSH agrees
      dc1-srv01 (10.100.0.192): reachable, up 4 days, 6 minutes through Gateway 5; direct SSH agrees
DEFER S4d.6 firewalls: PA-VM image not staged (S3.4 deferral)

passed=4 failed=1 deferred=1
