# test-06c-netbox 20260908T140732Z
FAIL  S4e.1 every addressed interface of the 12 network devices is in NetBox with its address, VRF and 'to <peer>' description; the devices agree (wf-show-all-v1 + direct SSH)
      dc1-spine01 Loopback0: no parsed 'show interfaces description' row (parser textfsm)
      dc1-spine01 Ethernet1: no parsed 'show interfaces description' row (parser textfsm)
      dc1-spine01 Ethernet2: no parsed 'show interfaces description' row (parser textfsm)
      dc1-spine02 Loopback0: no parsed 'show interfaces description' row (parser textfsm)
      dc1-spine02 Ethernet1: no parsed 'show interfaces description' row (parser textfsm)
      dc1-spine02 Ethernet2: no parsed 'show interfaces description' row (parser textfsm)
      dc1-leaf01 Loopback0: no parsed 'show interfaces description' row (parser textfsm)
      dc1-leaf01 Loopback1: no parsed 'show interfaces description' row (parser textfsm)
      dc1-leaf01 Vlan4094: no parsed 'show interfaces description' row (parser textfsm)
      dc1-leaf01 Vlan10: no parsed 'show interfaces description' row (parser textfsm)
      dc1-leaf01 Vlan100: no parsed 'show interfaces description' row (parser textfsm)
      dc1-leaf01 Ethernet1: no parsed 'show interfaces description' row (parser textfsm)
      dc1-leaf01 Ethernet2: no parsed 'show interfaces description' row (parser textfsm)
      dc1-leaf01 Ethernet3: no parsed 'show interfaces description' row (parser textfsm)
      dc1-leaf01 Ethernet4: no parsed 'show interfaces description' row (parser textfsm)
      dc1-leaf01 Ethernet5: no parsed 'show interfaces description' row (parser textfsm)
      dc1-leaf01 Ethernet7: no parsed 'show interfaces description' row (parser textfsm)
      dc1-leaf02 Loopback0: no parsed 'show interfaces description' row (parser textfsm)
      dc1-leaf02 Loopback1: no parsed 'show interfaces description' row (parser textfsm)
      dc1-leaf02 Vlan4094: no parsed 'show interfaces description' row (parser textfsm)
      dc1-leaf02 Vlan10: no parsed 'show interfaces description' row (parser textfsm)
      dc1-leaf02 Vlan100: no parsed 'show interfaces description' row (parser textfsm)
      dc1-leaf02 Ethernet1: no parsed 'show interfaces description' row (parser textfsm)
      dc1-leaf02 Ethernet2: no parsed 'show interfaces description' row (parser textfsm)

passed=0 failed=1
