# test-06b-platform 20260908T131742Z
PASS  S4d.1 Golden Config: plan clean on 12 devices; hostname drift on br1-wan01 and br1-sw01 flagged with no false positive; restored through wf-config-push-v1
      schedule: nightly compliance lab-baseline every 1 day first run 1788836400000
      run 1: 12 reports, 0 errors, 0 warnings (passes: 251)
      pushed to br1-wan01 (job 5f740ebd44e94ba59b3dc721)
      pushed to br1-sw01 (job 5beb8ac3a1234d26a1b60d3b)
      run 2: exactly br1-wan01 and br1-sw01 flagged:
      br1-wan01 1 0 24 | hostname br1-wan01
      br1-sw01 1 0 17 | hostname br1-sw01
      pushed to br1-wan01 (job 9d8b67c4205740478deca796)
      pushed to br1-sw01 (job 2fc7849cc22f48c9b240f6e1)
      run 3: clean again on 12 devices; hostnames restored and confirmed over direct SSH
      run 4: wf-compliance-run-v1 (the schedule trigger's target) found plan 6a9f3a4d0e7c935f1ff4e233 and started instance 6aa00c55c1debe752b9197c0
PASS  S4d.2 command templates on br1-wan01 and br1-sw01 with every rule evaluated; analytic pre/post green; nightly backup schedule and a run whose backups equal the running configs
      br1-wan01: lab-cisco-ios-checks passed, 6 rules over 3 commands
      2 pre/post rules equal
      br1-wan01: lab-cisco-ios-prepost pre/post equal
      br1-sw01: lab-arista-eos-checks passed, 6 rules over 4 commands
      2 pre/post rules equal
      br1-sw01: lab-arista-eos-prepost pre/post equal
      schedule: nightly backups lab every 1 day first run 1788834600000
      backups: wf-backup-all-v1 job 854eef917fc8489dbb791abf; 12/12 devices' newest backup equals the running config over direct SSH
PASS  S4d.3 Lifecycle Manager branch-vlan: instances from NetBox; create -> JSON form approval (Work Center shows branch, VLAN, switch, NetBox reservation) -> instance; rejected push changes nothing; delete -> governed push; history; no-op; rejected create retired
      actions runnable: Create -> workflow 83ed249e, Delete -> workflow a8146f48
      form fields: ['branch', 'decision', 'netbox_vlan_id', 'status', 'switch', 'vid', 'vlan_name']
      instances cover every NetBox branch VLAN: br1-approve-demo 
      Work Center item 01a08132-b5f3-7459-8395-f42aad3c8e0c shows {'branch': 'br2', 'vid': 11, 'vlan_name': 'lcm-20260908t131742z', 'switch': 'br2-sw01', 'netbox_vlan_id': 30, 'status': 'reserved'}
      instance br2-lcm-20260908t131742z {'branch': 'br2', 'vid': 11, 'vlan_name': 'lcm-20260908t131742z', 'switch': 'br2-sw01', 'netbox_vlan_id': 30, 'status': 'active'}
      create: VLAN 11 lcm-20260908t131742z active in NetBox (id 30) and on br2-sw01; instance br2-lcm-20260908t131742z recorded (execution 6aa00cf92acba57fc2a43bf5)
      rejected push: job 55885a6063eb4e2cbfa022c8 in error, delete job 77931fcc8a52470cabd825fa waited, NetBox and br2-sw01 untouched, both cancelled
      delete: push job 10d1242771284a61b83388df removed VLAN 11 from br2-sw01 after the approval; NetBox VLAN gone; instance br2-lcm-20260908t131742z retired (execution 6aa00d1e2acba57fc2a43bf7)
      history: [('Create', 'complete', 'ce1febf2261e4aaaa2eda03f'), ('Delete', 'complete', 'd02397cebe5f465991bec817')]
      no-op: wf-branch-vlan-delete-v1 on the retired VLAN changed nothing and started no push (job b9163236c86649f181452faf)
      rejected create: reservation 31 rolled back, child c07a22b37f7c484f8788583e in error, execution 6aa00d432acba57fc2a43bf8 cancelled, instance retired
PASS  S4d.4 Integration Models lab-netbox and lab-servicenow: instances netbox-api/servicenow-api, every operation an authorized tool; lab-netops reads br1-sw01 and INC0000060 through the integration tools (not the adapters)
      model lab-netbox:1.0.0: 6 operations
      integration netbox-api: server http 10.100.0.64 8080 auth ['tokenAuth']
      tools netbox-api: 6 authorized
      model lab-servicenow:1.0.0: 5 operations
      integration servicenow-api: server https dev409097.service-now.com 443 auth ['BasicAuth']
      tools servicenow-api: 5 authorized
      NetBox: br1-sw01 is br1 / branch-switch through ['dcim_devices_list']; tokens in=13716 out=118
      ServiceNow: INC0000060 = 'Unable to connect to email' through ['listIncidents']; tokens in=12694 out=161
      tokens spent by S4d.4: in=26410 out=279
PASS  S4d.6 the three Ubuntu hosts are lab-hosts inventory nodes, reachable through Gateway 5 with their uptime (direct SSH agrees), and unknown to Configuration Manager
      Configuration Manager sees 12 devices, no host
      br1-host01 (10.100.0.195): reachable, up 1 day, 13 hours, 31 minutes through Gateway 5; direct SSH agrees
      br2-host01 (10.100.0.196): reachable, up 1 day, 13 hours, 31 minutes through Gateway 5; direct SSH agrees
      dc1-srv01 (10.100.0.192): reachable, up 1 day, 13 hours, 32 minutes through Gateway 5; direct SSH agrees
DEFER S4d.6 firewalls: PA-VM image not staged (S3.4 deferral)

passed=5 failed=0 deferred=1
