# test-06b-platform 20260911T224303Z
PASS  S4d.1 Golden Config: plan clean on 12 devices; hostname drift on br1-wan01 and br1-sw01 flagged with no false positive; restored through wf-config-push-v1
      schedule: nightly compliance lab-baseline every 1 day first run 1789095600000
      run 1: 12 reports, 0 errors, 0 warnings (passes: 516)
      pushed to br1-wan01 (job b33844f99bc1431687708b05)
      pushed to br1-sw01 (job 2f093da026bb4d1482fd1144)
      run 2: exactly br1-wan01 and br1-sw01 flagged:
      br1-wan01 1 0 44 | hostname br1-wan01
      br1-sw01 1 0 31 | hostname br1-sw01
      pushed to br1-wan01 (job d122bf20fdfc4f02ad80758e)
      pushed to br1-sw01 (job 86519138febb4ab2bcb4a4e0)
      run 3: clean again on 12 devices; hostnames restored and confirmed over direct SSH
      run 4: wf-compliance-run-v1 (the schedule trigger's target) found plan 6aa2c63214cb2fc10a3682a8 and started instance 6aa48597fd1f75bcc6974bbc
PASS  S4d.2 command templates on br1-wan01 and br1-sw01 with every rule evaluated; analytic pre/post green; nightly backup schedule and a run whose backups equal the running configs
      br1-wan01: lab-cisco-ios-checks passed, 6 rules over 3 commands
      2 pre/post rules equal
      br1-wan01: lab-cisco-ios-prepost pre/post equal
      br1-sw01: lab-arista-eos-checks passed, 6 rules over 4 commands
      2 pre/post rules equal
      br1-sw01: lab-arista-eos-prepost pre/post equal
      schedule: nightly backups lab every 1 day first run 1789093800000
      backups: wf-backup-all-v1 job 5521504d5a1c4fce83fbf771; 12/12 devices' newest backup equals the running config over direct SSH
PASS  S4d.3 Lifecycle Manager branch-vlan: instances from NetBox; create -> JSON form approval (Work Center shows branch, VLAN, switch, NetBox reservation) -> instance; rejected push changes nothing; delete -> governed push; history; no-op; rejected create retired
      actions runnable: Create -> workflow 3ac9989a, Delete -> workflow dcb548b3
      form fields: ['branch', 'decision', 'netbox_vlan_id', 'status', 'switch', 'vid', 'vlan_name']
      instances cover every NetBox branch VLAN: br1-approve-demo 
      Work Center item 01a092ac-7d41-7129-b2ff-5e96517aa8ee shows {'branch': 'br2', 'vid': 11, 'vlan_name': 'lcm-20260911t224303z', 'switch': 'br2-sw01', 'netbox_vlan_id': 89, 'status': 'reserved'}
      instance br2-lcm-20260911t224303z {'branch': 'br2', 'vid': 11, 'vlan_name': 'lcm-20260911t224303z', 'switch': 'br2-sw01', 'netbox_vlan_id': 89, 'status': 'active'}
      create: VLAN 11 lcm-20260911t224303z active in NetBox (id 89) and on br2-sw01; instance br2-lcm-20260911t224303z recorded (execution 6aa4864000163cb6f903bdd4)
      rejected push: job a89e5319348c4bee8089d139 in error, delete job 340a34fdd57b47d6b7713177 waited, NetBox and br2-sw01 untouched, both cancelled
      delete: push job 6eeab0df4a294b7b8e790a8c removed VLAN 11 from br2-sw01 after the approval; NetBox VLAN gone; instance br2-lcm-20260911t224303z retired (execution 6aa4866600163cb6f903bdd6)
      journal: br2-sw01 carries the create and the delete entry for VLAN 11
      history: [('Create', 'complete', '7ffeb359b60b432bacc6288a'), ('Delete', 'complete', '8a07c9002bb84b559e4d943c')]
      no-op: wf-branch-vlan-delete-v1 on the retired VLAN changed nothing and started no push (job f273b5106ea548aabf326a55)
      rejected create: reservation 90 rolled back, child 27ed42b5a2914511bb507a2c in error, execution 6aa4869100163cb6f903bdd7 cancelled, instance retired
PASS  S4d.4 Integration Models lab-netbox and lab-servicenow: instances netbox-api/servicenow-api, every operation an authorized tool; lab-netops reads br1-sw01 and INC0000060 through the integration tools (not the adapters)
      model lab-netbox:1.0.0: 15 operations
      integration netbox-api: server http 10.100.0.64 8080 auth ['tokenAuth']
      tools netbox-api: 15 authorized
      model lab-servicenow:1.0.0: 8 operations
      integration servicenow-api: server https dev409097.service-now.com 443 auth ['BasicAuth']
      tools servicenow-api: 8 authorized
      NetBox: br1-sw01 is br1 / branch-switch through ['dcim_devices_list']; tokens in=13713 out=115
      ServiceNow: INC0000060 = 'Unable to connect to email' through ['listIncidents']; tokens in=12270 out=161
      tokens spent by S4d.4: in=25983 out=276
PASS  S4d.6 the three Ubuntu hosts are lab-hosts inventory nodes, reachable through Gateway 5 with their uptime (direct SSH agrees), and unknown to Configuration Manager
      Configuration Manager sees 12 devices, no host
      br1-host01 (10.100.0.195): reachable, up 4 days, 22 hours, 58 minutes through Gateway 5; direct SSH agrees
      br2-host01 (10.100.0.196): reachable, up 4 days, 22 hours, 58 minutes through Gateway 5; direct SSH agrees
      dc1-srv01 (10.100.0.192): reachable, up 4 days, 22 hours, 58 minutes through Gateway 5; direct SSH agrees
DEFER S4d.6 firewalls: PA-VM image not staged (S3.4 deferral)

passed=5 failed=0 deferred=1
RESULT: PASS
