# test-06b-platform 20260924T172255Z
PASS  S4d.1 Golden Config: plan clean on 12 devices; hostname drift on br1-wan01 and br1-sw01 flagged with no false positive; restored through Push Configuration with Approval
      schedule: nightly compliance lab-baseline every 1 day first run 1789095600000
      run 1: 12 reports, 0 errors, 0 warnings (passes: 516)
      pushed to br1-wan01 (job 75da658c695b499496ffc9d0)
      pushed to br1-sw01 (job 396442d7631f4cbfad57acda)
      run 2: exactly br1-wan01 and br1-sw01 flagged:
      br1-wan01 1 0 44 | hostname br1-wan01
      br1-sw01 1 0 31 | hostname br1-sw01
      pushed to br1-wan01 (job 226cf39cc3084877bf6dbad9)
      pushed to br1-sw01 (job ea2122ebd3fa49128e47e4dc)
      run 3: clean again on 12 devices; hostnames restored and confirmed over direct SSH
      run 4: Run Nightly Compliance Check (the schedule trigger's target) found plan 6aa2c63214cb2fc10a3682a8 and started instance 6ab55e22fd1f75bcc6974fa3
PASS  S4d.2 command templates on br1-wan01 and br1-sw01 with every rule evaluated; analytic pre/post green; nightly backup schedule and a run whose backups equal the running configs
      br1-wan01: lab-cisco-ios-checks passed, 6 rules over 3 commands
      2 pre/post rules equal
      br1-wan01: lab-cisco-ios-prepost pre/post equal
      br1-sw01: lab-arista-eos-checks passed, 6 rules over 4 commands
      2 pre/post rules equal
      br1-sw01: lab-arista-eos-prepost pre/post equal
      schedule: nightly backups lab every 1 day first run 1789093800000
      backups: Back Up All Device Configs job 606a55a1140b420fbe2080c6; 12/12 devices' newest backup equals the running config over direct SSH
PASS  S4d.3 Lifecycle Manager branch-vlan: instances from NetBox; create -> JSON form approval (Work Center shows branch, VLAN, switch, NetBox reservation) -> instance; rejected push changes nothing; delete -> governed push; history; no-op; rejected create retired
      actions runnable: Create -> workflow cd8d1670, Delete -> workflow 811fa6f9
      form fields: ['branch', 'decision', 'netbox_vlan_id', 'status', 'switch', 'vid', 'vlan_name']
      instances cover every NetBox branch VLAN: br1-approve-demo 
      Work Center item 01a0d47a-6a60-75c5-ba39-4b37c3c78092 shows {'branch': 'br2', 'vid': 11, 'vlan_name': 'lcm-20260924t172255z', 'switch': 'br2-sw01', 'netbox_vlan_id': 101, 'status': 'reserved'}
      instance br2-lcm-20260924t172255z {'branch': 'br2', 'vid': 11, 'vlan_name': 'lcm-20260924t172255z', 'switch': 'br2-sw01', 'netbox_vlan_id': 101, 'status': 'active'}
      create: VLAN 11 lcm-20260924t172255z active in NetBox (id 101) and on br2-sw01; instance br2-lcm-20260924t172255z recorded (execution 6ab55ecf00163cb6f903bdde)
      rejected push: job e5777c6bff9d49dcaf7b3ae8 in error, delete job 710ee10499964b5b81d0bf90 waited, NetBox and br2-sw01 untouched, both cancelled
      delete: push job 874e838fba2d4723b935f378 removed VLAN 11 from br2-sw01 after the approval; NetBox VLAN gone; instance br2-lcm-20260924t172255z retired (execution 6ab55ef400163cb6f903bde0)
      journal: br2-sw01 carries the create and the delete entry for VLAN 11
      history: [('Create', 'complete', '45fc11e31ece45939dfea5e3'), ('Delete', 'complete', 'e2d902ecf8594b2f9b2ef423')]
      no-op: Remove Branch VLAN on the retired VLAN changed nothing and started no push (job 07075f9c8a214875a9bd9499)
      rejected create: reservation 102 rolled back, child 95febe0d05ee470292f032b8 in error, execution 6ab55f2000163cb6f903bde1 cancelled, instance retired
PASS  S4d.4 Integration Models lab-netbox and lab-servicenow: instances netbox-api/servicenow-api, every operation an authorized tool; lab-netops reads br1-sw01 and INC0000060 through the integration tools (not the adapters)
      model lab-netbox:1.0.0: 15 operations
      integration netbox-api: server http 10.100.0.64 8080 auth ['tokenAuth']
      tools netbox-api: 15 authorized
      model lab-servicenow:1.0.0: 8 operations
      integration servicenow-api: server https dev409097.service-now.com 443 auth ['BasicAuth']
      tools servicenow-api: 8 authorized
      NetBox: br1-sw01 is br1 / branch-switch through ['dcim_devices_list']; tokens in=13749 out=115
      ServiceNow: INC0000060 = 'Unable to connect to email' through ['listIncidents']; tokens in=12306 out=161
      tokens spent by S4d.4: in=26055 out=276
PASS  S4d.6 the three Ubuntu hosts are lab-hosts inventory nodes, reachable through Gateway 5 with their uptime (direct SSH agrees), and unknown to Configuration Manager
      Configuration Manager sees 12 devices, no host
      br1-host01 (10.100.0.195): reachable, up 2 weeks, 3 days, 17 hours, 38 minutes through Gateway 5; direct SSH agrees
      br2-host01 (10.100.0.196): reachable, up 2 weeks, 3 days, 17 hours, 38 minutes through Gateway 5; direct SSH agrees
      dc1-srv01 (10.100.0.192): reachable, up 2 weeks, 3 days, 17 hours, 39 minutes through Gateway 5; direct SSH agrees
DEFER S4d.6 firewalls: PA-VM image not staged (S3.4 deferral)

passed=5 failed=0 deferred=1
